###############################################################################
#                                                                             #
# IAR C/C++ Compiler V8.10.3.10338/W32 for 8051         04/Jul/2018  22:34:45 #
# Copyright 2004-2011 IAR Systems AB.                                         #
#                                                                             #
#    Core               =  plain                                              #
#    Code model         =  banked                                             #
#    Data model         =  large                                              #
#    Calling convention =  xdata reentrant                                    #
#    Constant location  =  data_rom                                           #
#    Dptr setup         =  1,16                                               #
#    Source file        =  C:\ZigBee\SmartHomeApp\Projects\zstack\Samples\Sma #
#                          rtHomeApp\Source\DoorSensor.c                      #
#    Command line       =  -f C:\ZigBee\SmartHomeApp\Projects\zstack\Samples\ #
#                          SmartHomeApp\CC2530DB\..\..\..\Tools\CC2530DB\f8wC #
#                          oord.cfg (-DCPU32MHZ -DROOT=__near_func            #
#                          -DMAC_CFG_APP_PENDING_QUEUE=TRUE                   #
#                          -DMAC_CFG_TX_DATA_MAX=5 -DMAC_CFG_TX_MAX=8         #
#                          -DMAC_CFG_RX_MAX=5 -DZDO_COORDINATOR -DRTR_NWK)    #
#                          -f C:\ZigBee\SmartHomeApp\Projects\zstack\Samples\ #
#                          SmartHomeApp\CC2530DB\..\..\..\Tools\CC2530DB\f8wC #
#                          onfig.cfg (-DZIGBEEPRO -DSECURE=0                  #
#                          -DZG_SECURE_DYNAMIC=0 -DREFLECTOR                  #
#                          -DDEFAULT_CHANLIST=0x00002000                      #
#                          -DZDAPP_CONFIG_PAN_ID=0xF227                       #
#                          -DNWK_START_DELAY=100 -DEXTENDED_JOINING_RANDOM_MA #
#                          SK=0x007F -DBEACON_REQUEST_DELAY=100               #
#                          -DBEACON_REQ_DELAY_MASK=0x00FF                     #
#                          -DLINK_STATUS_JITTER_MASK=0x007F                   #
#                          -DROUTE_EXPIRY_TIME=30 -DAPSC_ACK_WAIT_DURATION_PO #
#                          LLED=3000 -DNWK_INDIRECT_MSG_TIMEOUT=7             #
#                          -DMAX_RREQ_ENTRIES=8 -DAPSC_MAX_FRAME_RETRIES=3    #
#                          -DNWK_MAX_DATA_RETRIES=2                           #
#                          -DMAX_POLL_FAILURE_RETRIES=2 -DMAX_BCAST=9         #
#                          -DAPS_MAX_GROUPS=16 -DMAX_RTG_ENTRIES=40           #
#                          -DNWK_MAX_BINDING_ENTRIES=4                        #
#                          -DMAX_BINDING_CLUSTER_IDS=4 "-DDEFAULT_KEY={0x01,  #
#                          0x03, 0x05, 0x07, 0x09, 0x0B, 0x0D, 0x0F, 0x00,    #
#                          0x02, 0x04, 0x06, 0x08, 0x0A, 0x0C, 0x0D}"         #
#                          -DMAC_MAX_FRAME_SIZE=116                           #
#                          -DZDNWKMGR_MIN_TRANSMISSIONS=20 "-DCONST=const     #
#                          __code" -DGENERIC=__generic                        #
#                          -DRFD_RCVC_ALWAYS_ON=FALSE -DPOLL_RATE=1000        #
#                          -DQUEUED_POLL_RATE=100 -DRESPONSE_POLL_RATE=100)   #
#                          -DREJOIN_POLL_RATE=440 C:\ZigBee\SmartHomeApp\Proj #
#                          ects\zstack\Samples\SmartHomeApp\Source\DoorSensor #
#                          .c -D ZTOOL_P1 -D MT_TASK -D MT_SYS_FUNC -D        #
#                          MT_ZDO_FUNC -D xLCD_SUPPORTED=DEBUG -lC            #
#                          C:\ZigBee\SmartHomeApp\Projects\zstack\Samples\Sma #
#                          rtHomeApp\CC2530DB\CoordinatorEB\List\ -lA         #
#                          C:\ZigBee\SmartHomeApp\Projects\zstack\Samples\Sma #
#                          rtHomeApp\CC2530DB\CoordinatorEB\List\             #
#                          --diag_suppress Pe001,Pa010 -o                     #
#                          C:\ZigBee\SmartHomeApp\Projects\zstack\Samples\Sma #
#                          rtHomeApp\CC2530DB\CoordinatorEB\Obj\ -e           #
#                          --no_code_motion --debug --core=plain --dptr=16,1  #
#                          --data_model=large --code_model=banked             #
#                          --calling_convention=xdata_reentrant               #
#                          --place_constants=data_rom --nr_virtual_regs 16    #
#                          -I C:\ZigBee\SmartHomeApp\Projects\zstack\Samples\ #
#                          SmartHomeApp\CC2530DB\ -I                          #
#                          C:\ZigBee\SmartHomeApp\Projects\zstack\Samples\Sma #
#                          rtHomeApp\CC2530DB\..\Source\ -I                   #
#                          C:\ZigBee\SmartHomeApp\Projects\zstack\Samples\Sma #
#                          rtHomeApp\CC2530DB\..\..\..\ZMain\TI2530DB\ -I     #
#                          C:\ZigBee\SmartHomeApp\Projects\zstack\Samples\Sma #
#                          rtHomeApp\CC2530DB\..\..\..\..\..\Components\hal\i #
#                          nclude\ -I C:\ZigBee\SmartHomeApp\Projects\zstack\ #
#                          Samples\SmartHomeApp\CC2530DB\..\..\..\..\..\Compo #
#                          nents\hal\target\CC2530EB\ -I                      #
#                          C:\ZigBee\SmartHomeApp\Projects\zstack\Samples\Sma #
#                          rtHomeApp\CC2530DB\..\..\..\..\..\Components\mac\i #
#                          nclude\ -I C:\ZigBee\SmartHomeApp\Projects\zstack\ #
#                          Samples\SmartHomeApp\CC2530DB\..\..\..\..\..\Compo #
#                          nents\mac\high_level\ -I                           #
#                          C:\ZigBee\SmartHomeApp\Projects\zstack\Samples\Sma #
#                          rtHomeApp\CC2530DB\..\..\..\..\..\Components\mac\l #
#                          ow_level\srf04\ -I C:\ZigBee\SmartHomeApp\Projects #
#                          \zstack\Samples\SmartHomeApp\CC2530DB\..\..\..\..\ #
#                          ..\Components\mac\low_level\srf04\single_chip\ -I  #
#                          C:\ZigBee\SmartHomeApp\Projects\zstack\Samples\Sma #
#                          rtHomeApp\CC2530DB\..\..\..\..\..\Components\mt\   #
#                          -I C:\ZigBee\SmartHomeApp\Projects\zstack\Samples\ #
#                          SmartHomeApp\CC2530DB\..\..\..\..\..\Components\os #
#                          al\include\ -I C:\ZigBee\SmartHomeApp\Projects\zst #
#                          ack\Samples\SmartHomeApp\CC2530DB\..\..\..\..\..\C #
#                          omponents\services\saddr\ -I                       #
#                          C:\ZigBee\SmartHomeApp\Projects\zstack\Samples\Sma #
#                          rtHomeApp\CC2530DB\..\..\..\..\..\Components\servi #
#                          ces\sdata\ -I C:\ZigBee\SmartHomeApp\Projects\zsta #
#                          ck\Samples\SmartHomeApp\CC2530DB\..\..\..\..\..\Co #
#                          mponents\stack\af\ -I C:\ZigBee\SmartHomeApp\Proje #
#                          cts\zstack\Samples\SmartHomeApp\CC2530DB\..\..\..\ #
#                          ..\..\Components\stack\nwk\ -I                     #
#                          C:\ZigBee\SmartHomeApp\Projects\zstack\Samples\Sma #
#                          rtHomeApp\CC2530DB\..\..\..\..\..\Components\stack #
#                          \sapi\ -I C:\ZigBee\SmartHomeApp\Projects\zstack\S #
#                          amples\SmartHomeApp\CC2530DB\..\..\..\..\..\Compon #
#                          ents\stack\sec\ -I C:\ZigBee\SmartHomeApp\Projects #
#                          \zstack\Samples\SmartHomeApp\CC2530DB\..\..\..\..\ #
#                          ..\Components\stack\sys\ -I                        #
#                          C:\ZigBee\SmartHomeApp\Projects\zstack\Samples\Sma #
#                          rtHomeApp\CC2530DB\..\..\..\..\..\Components\stack #
#                          \zdo\ -I C:\ZigBee\SmartHomeApp\Projects\zstack\Sa #
#                          mples\SmartHomeApp\CC2530DB\..\..\..\..\..\Compone #
#                          nts\zmac\ -I C:\ZigBee\SmartHomeApp\Projects\zstac #
#                          k\Samples\SmartHomeApp\CC2530DB\..\..\..\..\..\Com #
#                          ponents\zmac\f8w\ -Ohz --require_prototypes        #
#    List file          =  C:\ZigBee\SmartHomeApp\Projects\zstack\Samples\Sma #
#                          rtHomeApp\CC2530DB\CoordinatorEB\List\DoorSensor.l #
#                          st                                                 #
#    Object file        =  C:\ZigBee\SmartHomeApp\Projects\zstack\Samples\Sma #
#                          rtHomeApp\CC2530DB\CoordinatorEB\Obj\DoorSensor.r5 #
#                          1                                                  #
#                                                                             #
#                                                                             #
###############################################################################

C:\ZigBee\SmartHomeApp\Projects\zstack\Samples\SmartHomeApp\Source\DoorSensor.c
      1          #include "DoorSensor.h"
      2          #include "SmartHomeApp.h"
      3          #include "hal_key.h"
      4          
      5          

   \                                 In  segment BANKED_CODE, align 1, keep-with-next
      6          void DoorSensor_Init()
   \                     DoorSensor_Init:
      7          {
   \   000000                ; Saved register size: 0
   \   000000                ; Auto size: 0
      8            
      9          }
   \   000000   02....       LJMP    ?BRET
     10          

   \                                 In  segment BANKED_CODE, align 1, keep-with-next
     11          void DoorSensor_Update()
   \                     DoorSensor_Update:
     12          {
   \   000000                ; Saved register size: 0
   \   000000                ; Auto size: 0
     13            
     14          }
   \   000000   02....       LJMP    ?BRET
     15          

   \                                 In  segment BANKED_CODE, align 1, keep-with-next
     16          void DoorSensor_HandleKeys(uint8 keys)
   \                     DoorSensor_HandleKeys:
     17          {
   \   000000   74F6         MOV     A,#-0xa
   \   000002   12....       LCALL   ?BANKED_ENTER_XDATA
   \   000005                ; Saved register size: 10
   \   000005                ; Auto size: 0
   \   000005   E9           MOV     A,R1
   \   000006   FE           MOV     R6,A
     18            printf("DoorSensor_HandleKeys : %X\n", keys);
   \   000007                ; Setup parameters for call to function printf
   \   000007   8E..         MOV     ?V0 + 0,R6
   \   000009   75..00       MOV     ?V0 + 1,#0x0
   \   00000C   78..         MOV     R0,#?V0 + 0
   \   00000E   12....       LCALL   ?PUSH_XSTACK_I_TWO
   \   000011   7A..         MOV     R2,#`?<Constant "DoorSensor_HandleKeys...">` & 0xff
   \   000013   7B..         MOV     R3,#(`?<Constant "DoorSensor_HandleKeys...">` >> 8) & 0xff
   \   000015   12....       LCALL   ??printf?relay
   \   000018   7402         MOV     A,#0x2
   \   00001A   12....       LCALL   ?DEALLOC_XSTACK8
     19            
     20            if (keys & HAL_KEY_SW_4) {
   \   00001D   EE           MOV     A,R6
   \   00001E   A2E3         MOV     C,0xE0 /* A   */.3
   \   000020   5007         JNC     ??DoorSensor_HandleKeys_0
     21              SmartHome_SendCmd("TurnOffLater DoorLight 0 60");
   \   000022                ; Setup parameters for call to function SmartHome_SendCmd
   \   000022   7A..         MOV     R2,#`?<Constant "TurnOffLater DoorLigh...">` & 0xff
   \   000024   7B..         MOV     R3,#(`?<Constant "TurnOffLater DoorLigh...">` >> 8) & 0xff
   \   000026   12....       LCALL   ??SmartHome_SendCmd?relay
     22            }
     23            
     24            if (keys & HAL_KEY_SW_5) {
   \                     ??DoorSensor_HandleKeys_0:
   \   000029   EE           MOV     A,R6
   \   00002A   A2E2         MOV     C,0xE0 /* A   */.2
   \   00002C   5007         JNC     ??DoorSensor_HandleKeys_1
     25              SmartHome_SendCmd("TurnOffLater DoorLight 1 30");
   \   00002E                ; Setup parameters for call to function SmartHome_SendCmd
   \   00002E   7A..         MOV     R2,#`?<Constant "TurnOffLater DoorLigh...">_1` & 0xff
   \   000030   7B..         MOV     R3,#(`?<Constant "TurnOffLater DoorLigh...">_1` >> 8) & 0xff
   \   000032   12....       LCALL   ??SmartHome_SendCmd?relay
     26            }
     27          }
   \                     ??DoorSensor_HandleKeys_1:
   \   000035                REQUIRE ?Subroutine0
   \   000035                ; // Fall through to label ?Subroutine0

   \                                 In  segment BANKED_CODE, align 1, keep-with-next
   \                     ?Subroutine0:
   \   000000   7F02         MOV     R7,#0x2
   \   000002   02....       LJMP    ?BANKED_LEAVE_XDATA
     28          
     29          

   \                                 In  segment BANKED_CODE, align 1, keep-with-next
     30          void DoorSensor_HandleMsg(uint8* msg)
   \                     DoorSensor_HandleMsg:
     31          {
   \   000000   74F6         MOV     A,#-0xa
   \   000002   12....       LCALL   ?BANKED_ENTER_XDATA
   \   000005                ; Saved register size: 10
   \   000005                ; Auto size: 0
     32            
     33            printf("DoorSensor_HandleMsg: %s\n", msg); 
   \   000005                ; Setup parameters for call to function printf
   \   000005   8A..         MOV     ?V0 + 0,R2
   \   000007   8B..         MOV     ?V0 + 1,R3
   \   000009   78..         MOV     R0,#?V0 + 0
   \   00000B   12....       LCALL   ?PUSH_XSTACK_I_TWO
   \   00000E   7A..         MOV     R2,#`?<Constant "DoorSensor_HandleMsg:...">` & 0xff
   \   000010   7B..         MOV     R3,#(`?<Constant "DoorSensor_HandleMsg:...">` >> 8) & 0xff
   \   000012   12....       LCALL   ??printf?relay
   \   000015   7402         MOV     A,#0x2
   \   000017   12....       LCALL   ?DEALLOC_XSTACK8
     34          }
   \   00001A   80..         SJMP    ?Subroutine0

   \                                 In  segment BANK_RELAYS, align 1
   \                     ??DoorSensor_Init?relay:
   \   000000   12....       LCALL   ?BDISPATCH
   \   000003   ......       DC24    DoorSensor_Init

   \                                 In  segment BANK_RELAYS, align 1
   \                     ??DoorSensor_Update?relay:
   \   000000   12....       LCALL   ?BDISPATCH
   \   000003   ......       DC24    DoorSensor_Update

   \                                 In  segment BANK_RELAYS, align 1
   \                     ??DoorSensor_HandleKeys?relay:
   \   000000   12....       LCALL   ?BDISPATCH
   \   000003   ......       DC24    DoorSensor_HandleKeys

   \                                 In  segment BANK_RELAYS, align 1
   \                     ??DoorSensor_HandleMsg?relay:
   \   000000   12....       LCALL   ?BDISPATCH
   \   000003   ......       DC24    DoorSensor_HandleMsg

   \                                 In  segment XDATA_ROM_C, align 1
   \                     `?<Constant "DoorSensor_HandleKeys...">`:
   \   000000   446F6F72     DB "DoorSensor_HandleKeys : %X\012"
   \            53656E73
   \            6F725F48
   \            616E646C
   \            654B6579
   \            73203A20
   \            25580A00

   \                                 In  segment XDATA_ROM_C, align 1
   \                     `?<Constant "TurnOffLater DoorLigh...">`:
   \   000000   5475726E     DB "TurnOffLater DoorLight 0 60"
   \            4F66664C
   \            61746572
   \            20446F6F
   \            724C6967
   \            68742030
   \            20363000

   \                                 In  segment XDATA_ROM_C, align 1
   \                     `?<Constant "TurnOffLater DoorLigh...">_1`:
   \   000000   5475726E     DB "TurnOffLater DoorLight 1 30"
   \            4F66664C
   \            61746572
   \            20446F6F
   \            724C6967
   \            68742031
   \            20333000

   \                                 In  segment XDATA_ROM_C, align 1
   \                     `?<Constant "DoorSensor_HandleMsg:...">`:
   \   000000   446F6F72     DB "DoorSensor_HandleMsg: %s\012"
   \            53656E73
   \            6F725F48
   \            616E646C
   \            654D7367
   \            3A202573
   \            0A00    

   Maximum stack usage in bytes:

     Function               ISTACK PSTACK XSTACK
     --------               ------ ------ ------
     DoorSensor_HandleKeys      0      0     12
       -> printf                0      0     24
       -> SmartHome_SendCmd     0      0     20
       -> SmartHome_SendCmd     0      0     20
     DoorSensor_HandleMsg       0      0     12
       -> printf                0      0     24
     DoorSensor_Init            0      0      0
     DoorSensor_Update          0      0      0


   Segment part sizes:

     Function/Label                           Bytes
     --------------                           -----
     DoorSensor_Init                             3
     DoorSensor_Update                           3
     DoorSensor_HandleKeys                      53
     ?Subroutine0                                5
     DoorSensor_HandleMsg                       28
     ??DoorSensor_Init?relay                     6
     ??DoorSensor_Update?relay                   6
     ??DoorSensor_HandleKeys?relay               6
     ??DoorSensor_HandleMsg?relay                6
     ?<Constant "DoorSensor_HandleKeys...">     28
     ?<Constant "TurnOffLater DoorLigh...">     28
     ?<Constant "TurnOffLater DoorLigh...">_1   28
     ?<Constant "DoorSensor_HandleMsg:...">     26

 
  92 bytes in segment BANKED_CODE
  24 bytes in segment BANK_RELAYS
 110 bytes in segment XDATA_ROM_C
 
 116 bytes of CODE  memory
 110 bytes of CONST memory

Errors: none
Warnings: none
